Copyright 1986-2018 Xilinx, Inc. All Rights Reserved.
----------------------------------------------------------------------------------------
| Tool Version : Vivado v.2018.2 (win64) Build 2258646 Thu Jun 14 20:03:12 MDT 2018
| Date         : Mon Nov  4 11:40:23 2024
| Host         : DESKTOP-6UM9BQI running 64-bit major release  (build 9200)
| Command      : report_control_sets -verbose -file Top_Student_control_sets_placed.rpt
| Design       : Top_Student
| Device       : xc7a35t
----------------------------------------------------------------------------------------

Control Set Information

Table of Contents
-----------------
1. Summary
2. Histogram
3. Flip-Flop Distribution
4. Detailed Control Set Information

1. Summary
----------

+----------------------------------------------------------+-------+
|                          Status                          | Count |
+----------------------------------------------------------+-------+
| Number of unique control sets                            |    76 |
| Unused register locations in slices containing registers |   146 |
+----------------------------------------------------------+-------+


2. Histogram
------------

+--------+--------------+
| Fanout | Control Sets |
+--------+--------------+
|      2 |            1 |
|      4 |            4 |
|      6 |            2 |
|      8 |            3 |
|     10 |            4 |
|     12 |            2 |
|     14 |            2 |
|    16+ |           58 |
+--------+--------------+


3. Flip-Flop Distribution
-------------------------

+--------------+-----------------------+------------------------+-----------------+--------------+
| Clock Enable | Synchronous Set/Reset | Asynchronous Set/Reset | Total Registers | Total Slices |
+--------------+-----------------------+------------------------+-----------------+--------------+
| No           | No                    | No                     |             548 |          139 |
| No           | No                    | Yes                    |               0 |            0 |
| No           | Yes                   | No                     |            3016 |          407 |
| Yes          | No                    | No                     |             304 |           45 |
| Yes          | No                    | Yes                    |               0 |            0 |
| Yes          | Yes                   | No                     |              34 |            7 |
+--------------+-----------------------+------------------------+-----------------+--------------+


4. Detailed Control Set Information
-----------------------------------

+------------------------------------------------+----------------------------------------------------------+--------------------------------------------------------------+------------------+----------------+
|                  Clock Signal                  |                       Enable Signal                      |                       Set/Reset Signal                       | Slice Load Count | Bel Load Count |
+------------------------------------------------+----------------------------------------------------------+--------------------------------------------------------------+------------------+----------------+
|  clk_IBUF_BUFG                                 | nolabel_line112/speaker_reg                              |                                                              |                1 |              2 |
|  nolabel_line94/nolabel_line35/COUNT_reg[4]    |                                                          |                                                              |                1 |              4 |
|  nolabel_line108/fa_1/slow_clock               | nolabel_line112/x_bar_reg[1][0]                          | nolabel_line108/fa_3/x_bar[5]_i_1_n_0                        |                2 |              4 |
| ~clk_6p25_BUFG                                 |                                                          |                                                              |                2 |              4 |
|  display_control/spi_word_reg[39]_0[0]         |                                                          |                                                              |                1 |              4 |
|  nolabel_line99/clock_0/state_reg[2]           |                                                          |                                                              |                1 |              6 |
|  nolabel_line94/nolabel_line35/COUNT_reg[4]    |                                                          | nolabel_line110/SR[0]                                        |                1 |              6 |
|  nolabel_line108/fa_1/slow_clock               |                                                          |                                                              |                3 |              8 |
|  clk_IBUF_BUFG                                 | nolabel_line105/toggleplayer/seg_reg[6]                  | nolabel_line105/toggleplayer/an1                             |                1 |              8 |
|  clk_IBUF_BUFG                                 | nolabel_line102/update0/d1/dff1/E[0]                     |                                                              |                2 |              8 |
|  nolabel_line108/fa_1/slow_clock               | nolabel_line112/x_bar_reg[4]                             | nolabel_line108/fa_3/x_bar[6]_i_1_n_0                        |                2 |             10 |
|  clk_IBUF_BUFG                                 | nolabel_line102/song2/FSM_sequential_state[4]_i_1_n_0    |                                                              |                2 |             10 |
|  clk_IBUF_BUFG                                 | nolabel_line102/song3/FSM_sequential_state[4]_i_1__0_n_0 |                                                              |                2 |             10 |
|  clk_IBUF_BUFG                                 |                                                          | nolabel_line112/p_0_in                                       |                2 |             10 |
|  nolabel_line108/fa_1/slow_clock               | nolabel_line108/fa_3/y_ball[5]_i_2_n_0                   | nolabel_line112/SS[0]                                        |                2 |             12 |
|  clk_IBUF_BUFG                                 |                                                          | nolabel_line102/song0/note0_0[5]                             |                2 |             12 |
|  nolabel_line108/fa_1/slow_clock               | nolabel_line112/x_ball_reg[0][0]                         |                                                              |                4 |             14 |
|  nolabel_line119/clock_20khz/oled_color_reg[3] | nolabel_line112/oled_color_reg[15][0]                    |                                                              |                2 |             14 |
|  clk_IBUF_BUFG                                 |                                                          | nolabel_line112/led12_reg_0                                  |                6 |             20 |
|  clk_IBUF_BUFG                                 |                                                          | nolabel_line102/update0/Q[0]                                 |                6 |             22 |
| ~nolabel_line114/J_MIC3_Pin4_OBUF              |                                                          |                                                              |                3 |             24 |
|  nolabel_line119/clock_100/data_reg[11]        |                                                          |                                                              |                5 |             24 |
|  clock_20khz/J_MIC3_Pin1_OBUF                  |                                                          |                                                              |                4 |             24 |
|  clk_IBUF_BUFG                                 |                                                          | clock_20khz/J_MIC3_Pin1_OBUF                                 |                3 |             24 |
| ~clk_6p25_BUFG                                 |                                                          | display_control/frame_counter[16]_i_1_n_0                    |                4 |             32 |
|  nolabel_line112/E[0]                          |                                                          |                                                              |                7 |             32 |
| ~clk_6p25_BUFG                                 | display_control/delay[0]_i_1_n_0                         |                                                              |                5 |             40 |
|  clk_IBUF_BUFG                                 |                                                          | nolabel_line102/song2/tone2/count[31]_i_1__18_n_0            |                8 |             62 |
|  clk_IBUF_BUFG                                 |                                                          | nolabel_line102/song2/tone4/count[31]_i_1__20_n_0            |                8 |             62 |
|  clk_IBUF_BUFG                                 |                                                          | nolabel_line102/song2/tone3/count[31]_i_1__19_n_0            |                8 |             62 |
|  clk_IBUF_BUFG                                 |                                                          | nolabel_line102/song1/tone5/count[31]_i_1__14_n_0            |                8 |             62 |
|  clk_IBUF_BUFG                                 |                                                          | nolabel_line102/song1/tone7/count[31]_i_1__16_n_0            |                8 |             62 |
|  clk_IBUF_BUFG                                 |                                                          | nolabel_line102/song1/tone3/count[31]_i_1__12_n_0            |                8 |             62 |
|  clk_IBUF_BUFG                                 |                                                          | nolabel_line102/song1/ton8/count[31]_i_1__17_n_0             |                8 |             62 |
|  clk_IBUF_BUFG                                 |                                                          | nolabel_line102/song1/tone1/count[31]_i_1__11_n_0            |                8 |             62 |
|  clk_IBUF_BUFG                                 |                                                          | nolabel_line102/song1/tone4/count[31]_i_1__13_n_0            |                8 |             62 |
|  clk_IBUF_BUFG                                 |                                                          | nolabel_line102/song1/tone6/count[31]_i_1__15_n_0            |                8 |             62 |
|  clk_IBUF_BUFG                                 |                                                          | nolabel_line102/song1/tone9/count[31]_i_1__23_n_0            |                8 |             62 |
|  clk_IBUF_BUFG                                 |                                                          | nolabel_line102/song3/tone1/count[31]_i_1__5_n_0             |                8 |             62 |
|  clk_IBUF_BUFG                                 |                                                          | nolabel_line102/song3/tone2/count[31]_i_1__9_n_0             |                8 |             62 |
|  clk_IBUF_BUFG                                 |                                                          | nolabel_line102/song0/tone0/count[31]_i_1_n_0                |                8 |             62 |
|  clk_IBUF_BUFG                                 |                                                          | nolabel_line102/song0/tone1/count[31]_i_1__1_n_0             |                8 |             62 |
|  clk_IBUF_BUFG                                 |                                                          | nolabel_line102/song0/tone2/count[31]_i_1__2_n_0             |                8 |             62 |
|  clk_IBUF_BUFG                                 |                                                          | nolabel_line102/song0/tone3/count[31]_i_1__3_n_0             |                8 |             62 |
|  clk_IBUF_BUFG                                 |                                                          | nolabel_line102/song0/tone4/count[31]_i_1__0_n_0             |                8 |             62 |
|  clk_IBUF_BUFG                                 |                                                          | nolabel_line102/song0/tone5/count[31]_i_1__4_n_0             |                8 |             62 |
|  clk_IBUF_BUFG                                 |                                                          | nolabel_line102/song3/tone6/count[31]_i_1__6_n_0             |                8 |             62 |
|  clk_IBUF_BUFG                                 |                                                          | nolabel_line102/song3/tone5/count[31]_i_1__8_n_0             |                8 |             62 |
|  clk_IBUF_BUFG                                 |                                                          | nolabel_line102/song3/tone4/count[31]_i_1__10_n_0            |                8 |             62 |
|  clk_IBUF_BUFG                                 |                                                          | nolabel_line102/song3/tone3/count[31]_i_1__7_n_0             |                8 |             62 |
|  clk_IBUF_BUFG                                 |                                                          | nolabel_line102/song2/tone1/count[31]_i_1__22_n_0            |                8 |             62 |
|  clk_IBUF_BUFG                                 |                                                          | nolabel_line102/song2/tone0/count[31]_i_1__21_n_0            |                8 |             62 |
| ~clk_6p25_BUFG                                 | display_control/FSM_onehot_state[31]_i_1_n_0             |                                                              |                6 |             64 |
|  clk_IBUF_BUFG                                 |                                                          | nolabel_line94/blink_led/nolabel_line28/count[0]_i_1__24_n_0 |                8 |             64 |
|  clk_IBUF_BUFG                                 |                                                          | nolabel_line99/fa2/dut/count[0]_i_1__26_n_0                  |                8 |             64 |
|  clk_IBUF_BUFG                                 |                                                          | nolabel_line99/fa1/dut/count[0]_i_1__25_n_0                  |                8 |             64 |
|  clk_IBUF_BUFG                                 |                                                          | nolabel_line99/fa1/clear                                     |                8 |             64 |
|  clk_IBUF_BUFG                                 |                                                          | clock_20khz/clear__0                                         |                8 |             64 |
|  clk_IBUF_BUFG                                 |                                                          | nolabel_line99/fa2/counter[0]_i_1__0_n_0                     |                8 |             64 |
|  clk_IBUF_BUFG                                 |                                                          | clock_6p25mhz/count[0]_i_1__35_n_0                           |                8 |             64 |
|  clk_IBUF_BUFG                                 |                                                          | nolabel_line94/nolabel_line35/clear                          |                8 |             64 |
|  clk_IBUF_BUFG                                 |                                                          | nolabel_line99/clock_0/count[0]_i_1__27_n_0                  |                8 |             64 |
|  clk_IBUF_BUFG                                 |                                                          | nolabel_line119/clock_20khz/clear                            |                8 |             64 |
|  clk_IBUF_BUFG                                 |                                                          | nolabel_line119/clock_100/count[0]_i_1__32_n_0               |                8 |             64 |
|  clk_IBUF_BUFG                                 |                                                          | nolabel_line108/fa_1/fa_3/clear                              |                8 |             64 |
|  clk_IBUF_BUFG                                 |                                                          | nolabel_line108/fa_1/fa_2/count[0]_i_1__29_n_0               |                8 |             64 |
|  clk_IBUF_BUFG                                 |                                                          | nolabel_line108/fa_1/fa_1/count[0]_i_1__30_n_0               |                8 |             64 |
|  clk_IBUF_BUFG                                 |                                                          | nolabel_line108/fa_1/fa_0/count[0]_i_1__31_n_0               |                8 |             64 |
|  clk_IBUF_BUFG                                 |                                                          | nolabel_line102/song2/counter_clear_reg_n_0                  |               10 |             70 |
|  clk_IBUF_BUFG                                 | nolabel_line102/song1/FSM_onehot_state[34]_i_1_n_0       |                                                              |                8 |             70 |
|  clk_IBUF_BUFG                                 |                                                          | nolabel_line102/song1/counter_clear_reg_n_0                  |               12 |             72 |
|  clk_IBUF_BUFG                                 | nolabel_line102/song0/FSM_onehot_state[35]_i_1_n_0       |                                                              |               13 |             72 |
|  clk_IBUF_BUFG                                 |                                                          | nolabel_line102/song0/counter_clear_reg_n_0                  |               11 |             74 |
|  clk_IBUF_BUFG                                 |                                                          | nolabel_line102/song3/counter_clear_reg_n_0                  |               10 |             74 |
| ~clk_6p25_BUFG                                 |                                                          | display_control/spi_word[39]_i_1_n_0                         |               20 |             90 |
|  clk_IBUF_BUFG                                 |                                                          |                                                              |              112 |            418 |
+------------------------------------------------+----------------------------------------------------------+--------------------------------------------------------------+------------------+----------------+


